[colorlib.com/etc/pato/index.html]
[backblue.gif]
[fade.gif]
[index.html]
[colorlib.com/etc/pato/images/icons/favicon.png]
[colorlib.com/etc/pato/vendor/bootstrap/css/bootstrap.min.css]
[colorlib.com/etc/pato/fonts/font-awesome-4.7.0/css/font-awesome.min.css]
[colorlib.com/etc/pato/fonts/themify/themify-icons.css]
[colorlib.com/etc/pato/vendor/animate/animate.css]
[colorlib.com/etc/pato/vendor/css-hamburgers/hamburgers.min.css]
[colorlib.com/etc/pato/vendor/animsition/css/animsition.min.css]
[colorlib.com/etc/pato/vendor/select2/select2.min.css]
[colorlib.com/etc/pato/vendor/daterangepicker/daterangepicker.css]
[colorlib.com/etc/pato/vendor/slick/slick.css]
[colorlib.com/etc/pato/vendor/lightbox2/css/lightbox.min.css]
[colorlib.com/etc/pato/css/util.css]
[colorlib.com/etc/pato/css/main.css]
[colorlib.com/etc/pato/index-2.html]
[colorlib.com/etc/pato/images/icons/logo.png]
[colorlib.com/etc/pato/images/icons/logo2.png]
[colorlib.com/etc/pato/menu.html]
[colorlib.com/etc/pato/reservation.html]
[colorlib.com/etc/pato/gallery.html]
[colorlib.com/etc/pato/about.html]
[colorlib.com/etc/pato/blog.html]
[colorlib.com/etc/pato/contact.html]
[colorlib.com/etc/pato/images/photo-gallery-01.jpg]
[colorlib.com/etc/pato/images/photo-gallery-thumb-01.jpg]
[colorlib.com/etc/pato/images/photo-gallery-02.jpg]
[colorlib.com/etc/pato/images/photo-gallery-thumb-02.jpg]
[colorlib.com/etc/pato/images/photo-gallery-03.jpg]
[colorlib.com/etc/pato/images/photo-gallery-thumb-03.jpg]
[colorlib.com/etc/pato/images/photo-gallery-05.jpg]
[colorlib.com/etc/pato/images/photo-gallery-thumb-05.jpg]
[colorlib.com/etc/pato/images/photo-gallery-06.jpg]
[colorlib.com/etc/pato/images/photo-gallery-thumb-06.jpg]
[colorlib.com/etc/pato/images/photo-gallery-07.jpg]
[colorlib.com/etc/pato/images/photo-gallery-thumb-07.jpg]
[colorlib.com/etc/pato/images/photo-gallery-09.jpg]
[colorlib.com/etc/pato/images/photo-gallery-thumb-09.jpg]
[colorlib.com/etc/pato/images/photo-gallery-10.jpg]
[colorlib.com/etc/pato/images/photo-gallery-thumb-10.jpg]
[colorlib.com/etc/pato/images/photo-gallery-11.jpg]
[colorlib.com/etc/pato/images/photo-gallery-thumb-11.jpg]
[colorlib.com/etc/pato/images/slide1-01.jpg]
[colorlib.com/etc/pato/images/master-slides-02.jpg]
[colorlib.com/etc/pato/images/master-slides-01.jpg]
[colorlib.com/etc/pato/images/our-story-01.jpg]
[colorlib.com/etc/pato/images/bg-intro-01.jpg]
[colorlib.com/etc/pato/images/intro-01.jpg]
[colorlib.com/etc/pato/images/intro-02.jpg]
[colorlib.com/etc/pato/images/intro-04.jpg]
[colorlib.com/etc/pato/images/our-menu-01.jpg]
[colorlib.com/etc/pato/images/our-menu-05.jpg]
[colorlib.com/etc/pato/images/our-menu-13.jpg]
[colorlib.com/etc/pato/images/our-menu-08.jpg]
[colorlib.com/etc/pato/images/our-menu-10.jpg]
[colorlib.com/etc/pato/images/our-menu-16.jpg]
[colorlib.com/etc/pato/images/bg-event-01.jpg]
[colorlib.com/etc/pato/images/event-02.jpg]
[colorlib.com/etc/pato/images/bg-event-02.jpg]
[colorlib.com/etc/pato/images/event-06.jpg]
[colorlib.com/etc/pato/images/bg-event-04.jpg]
[colorlib.com/etc/pato/images/event-01.jpg]
[colorlib.com/etc/pato/images/booking-01.jpg]
[colorlib.com/etc/pato/images/avatar-01.jpg]
[colorlib.com/etc/pato/images/avatar-04.jpg]
[colorlib.com/etc/pato/images/avatar-05.jpg]
[colorlib.com/etc/pato/images/bg-cover-video-02.jpg]
[colorlib.com/etc/pato/blog-detail.html]
[colorlib.com/etc/pato/images/blog-01.jpg]
[colorlib.com/etc/pato/images/blog-02.jpg]
[colorlib.com/etc/pato/images/blog-03.jpg]
[colorlib.com/etc/pato/images/photo-gallery-04.jpg]
[colorlib.com/etc/pato/images/photo-gallery-thumb-04.jpg]
[colorlib.com/etc/pato/images/photo-gallery-08.jpg]
[colorlib.com/etc/pato/images/photo-gallery-thumb-08.jpg]
[colorlib.com/etc/pato/images/photo-gallery-12.jpg]
[colorlib.com/etc/pato/images/photo-gallery-thumb-12.jpg]
[colorlib.com/etc/pato/images/icons/video-16-9.jpg]
[colorlib.com/cdn-cgi/scripts/5c5dd728/cloudflare-static/email-decode.min.js]
[colorlib.com/etc/pato/vendor/jquery/jquery-3.2.1.min.js]
[colorlib.com/etc/pato/vendor/animsition/js/animsition.min.js]
[colorlib.com/etc/pato/vendor/bootstrap/js/popper.js]
[colorlib.com/etc/pato/vendor/bootstrap/js/bootstrap.min.js]
[colorlib.com/etc/pato/vendor/select2/select2.min.js]
[colorlib.com/etc/pato/vendor/daterangepicker/moment.min.js]
[colorlib.com/etc/pato/vendor/daterangepicker/daterangepicker.js]
[colorlib.com/etc/pato/vendor/slick/slick.min.js]
[colorlib.com/etc/pato/js/slick-custom.js]
[colorlib.com/etc/pato/vendor/parallax100/parallax100.js]
[colorlib.com/etc/pato/vendor/countdowntime/countdowntime.js]
[colorlib.com/etc/pato/vendor/lightbox2/js/lightbox.min.js]
[colorlib.com/etc/pato/index.html]
[colorlib.com/etc/pato/vendor/bootstrap/css/bootstrap.min.css]
[colorlib.com/etc/pato/js/main.js]
[colorlib.com/etc/pato/fonts/font-awesome-4.7.0/fonts/fontawesome-webfont3e6e.eot]
[colorlib.com/etc/pato/fonts/font-awesome-4.7.0/fonts/fontawesome-webfontd41d.eot]
[colorlib.com/etc/pato/fonts/font-awesome-4.7.0/fonts/fontawesome-webfont3e6e.woff2]
[colorlib.com/etc/pato/fonts/font-awesome-4.7.0/fonts/fontawesome-webfont3e6e.woff]
[colorlib.com/etc/pato/fonts/font-awesome-4.7.0/fonts/fontawesome-webfont3e6e.ttf]
[colorlib.com/etc/pato/fonts/font-awesome-4.7.0/css/font-awesome.min.css]
[colorlib.com/etc/pato/fonts/font-awesome-4.7.0/fonts/fontawesome-webfont3e6e.svg]
[colorlib.com/etc/pato/fonts/themify/fonts/themify9f24.eot]
[colorlib.com/etc/pato/fonts/themify/fonts/themifyd41d.eot]
[colorlib.com/etc/pato/fonts/themify/fonts/themify9f24.woff]
[colorlib.com/etc/pato/fonts/themify/fonts/themify9f24.ttf]
[colorlib.com/etc/pato/fonts/themify/themify-icons.css]
[colorlib.com/etc/pato/vendor/animate/animate.css]
[colorlib.com/etc/pato/vendor/css-hamburgers/hamburgers.min.css]
[colorlib.com/etc/pato/vendor/animsition/css/animsition.min.css]
[colorlib.com/etc/pato/vendor/select2/select2.min.css]
[colorlib.com/etc/pato/vendor/daterangepicker/daterangepicker.css]
[colorlib.com/etc/pato/vendor/slick/slick.css]
[colorlib.com/etc/pato/fonts/themify/fonts/themify9f24.svg]
[colorlib.com/etc/pato/vendor/lightbox2/images/close.png]
[colorlib.com/etc/pato/vendor/lightbox2/images/loading.gif]
[colorlib.com/etc/pato/vendor/lightbox2/images/prev.png]
[colorlib.com/etc/pato/vendor/lightbox2/images/next.png]
[colorlib.com/etc/pato/vendor/lightbox2/css/lightbox.min.css]
[colorlib.com/etc/pato/images/icons/pattern1.png]
[colorlib.com/etc/pato/images/icons/pattern2.png]
[colorlib.com/etc/pato/images/icons/pattern3.png]
[colorlib.com/etc/pato/css/util.css]
[colorlib.com/etc/pato/fonts/montserrat/Montserrat-Regular.ttf]
[colorlib.com/etc/pato/fonts/montserrat/Montserrat-Bold.ttf]
[colorlib.com/etc/pato/fonts/courgette/Courgette-Regular.ttf]
[colorlib.com/etc/pato/fonts/poppins/Poppins-Regular.ttf]
[colorlib.com/etc/pato/fonts/poppins/Poppins-Medium.ttf]
[colorlib.com/etc/pato/fonts/poppins/Poppins-Bold.ttf]
[colorlib.com/etc/pato/fonts/poppins/Poppins-Light.ttf]
[colorlib.com/etc/pato/css/main.css]
[colorlib.com/etc/pato/index-2.html]
[colorlib.com/etc/pato/fonts/notosans/NotoSans-Regular.ttf]
[colorlib.com/etc/pato/images/bg-title-page-01.jpg]
[colorlib.com/etc/pato/images/header-menu-01.jpg]
[colorlib.com/etc/pato/images/lunch-01.jpg]
[colorlib.com/etc/pato/images/lunch-03.jpg]
[colorlib.com/etc/pato/images/lunch-05.jpg]
[colorlib.com/etc/pato/images/lunch-02.jpg]
[colorlib.com/etc/pato/images/lunch-04.jpg]
[colorlib.com/etc/pato/images/lunch-06.jpg]
[colorlib.com/etc/pato/images/header-menu-02.jpg]
[colorlib.com/etc/pato/images/dinner-01.jpg]
[colorlib.com/etc/pato/images/dinner-03.jpg]
[colorlib.com/etc/pato/images/dinner-05.jpg]
[colorlib.com/etc/pato/images/dinner-02.jpg]
[colorlib.com/etc/pato/images/dinner-04.jpg]
[colorlib.com/etc/pato/images/dinner-06.jpg]
[colorlib.com/etc/pato/menu.html]
[colorlib.com/etc/pato/images/bg-title-page-02.jpg]
[colorlib.com/etc/pato/reservation.html]
[colorlib.com/etc/pato/images/photo-gallery-13.jpg]
[colorlib.com/etc/pato/images/photo-gallery-14.jpg]
[colorlib.com/etc/pato/images/photo-gallery-15.jpg]
[colorlib.com/etc/pato/images/photo-gallery-16.jpg]
[colorlib.com/etc/pato/images/photo-gallery-17.jpg]
[colorlib.com/etc/pato/images/photo-gallery-18.jpg]
[colorlib.com/etc/pato/images/photo-gallery-19.jpg]
[colorlib.com/etc/pato/images/photo-gallery-20.jpg]
[colorlib.com/etc/pato/images/photo-gallery-21.jpg]
[colorlib.com/etc/pato/gallery.html]
[colorlib.com/etc/pato/vendor/isotope/isotope.pkgd.min.js]
[colorlib.com/etc/pato/images/bg-title-page-03.jpg]
[colorlib.com/etc/pato/images/our-story-02.jpg]
[colorlib.com/etc/pato/images/avatar-02.jpg]
[colorlib.com/etc/pato/images/avatar-03.jpg]
[colorlib.com/etc/pato/about.html]
[colorlib.com/etc/pato/images/blog-05.jpg]
[colorlib.com/etc/pato/images/blog-06.jpg]
[colorlib.com/etc/pato/images/blog-04.jpg]
[colorlib.com/etc/pato/images/blog-07.jpg]
[colorlib.com/etc/pato/images/blog-10.jpg]
[colorlib.com/etc/pato/images/blog-11.jpg]
[colorlib.com/etc/pato/images/blog-12.jpg]
[colorlib.com/etc/pato/images/blog-13.jpg]
[colorlib.com/etc/pato/images/blog-14.jpg]
[colorlib.com/etc/pato/images/blog-15.jpg]
[colorlib.com/etc/pato/blog.html]
[colorlib.com/etc/pato/images/icons/map-icon.png]
[colorlib.com/etc/pato/images/icons/phone-icon.png]
[colorlib.com/etc/pato/images/icons/clock-icon.png]
[colorlib.com/etc/pato/contact.html]
[colorlib.com/etc/pato/blog-detail.html]
[colorlib.com/etc/pato/fonts/font-awesome-4.7.0/fonts/fontawesome-webfont3e6e.svg]
[colorlib.com/etc/pato/fonts/themify/fonts/themify9f24.svg]
[colorlib.com/etc/pato/js/map-custom.js]
